// Jest Snapshot v1, https://goo.gl/fbAQLP

exports[`generates correct metadata for: dynamic route 1`] = `
{
  "description": "View transaction 0x12345 on Blockscout (Blockscout) Explorer",
  "title": "Blockscout network transaction 0x12345",
}
`;

exports[`generates correct metadata for: dynamic route with API data 1`] = `
{
  "description": "0x12345, balances and analytics on the Blockscout (Blockscout) Explorer",
  "title": "Blockscout network USDT token details",
}
`;

exports[`generates correct metadata for: static route 1`] = `
{
  "description": "Explore the first extensible Layer1 blockchain with parallel execution and modular VMs.",
  "title": "Blockscout network blocks",
}
`;
